------------------------------------------------------------
TimeQuest Timing Analyzer Summary
------------------------------------------------------------

Type  : Slow Model Setup 'Clock'
Slack : -1.029
TNS   : -2.508

Type  : Slow Model Setup 'X'
Slack : -0.218
TNS   : -0.806

Type  : Slow Model Hold 'Clock'
Slack : 0.391
TNS   : 0.000

Type  : Slow Model Hold 'X'
Slack : 0.391
TNS   : 0.000

Type  : Slow Model Recovery 'X'
Slack : -0.407
TNS   : -1.295

Type  : Slow Model Removal 'X'
Slack : 1.066
TNS   : 0.000

Type  : Slow Model Minimum Pulse Width 'Clock'
Slack : -1.380
TNS   : -10.380

Type  : Slow Model Minimum Pulse Width 'X'
Slack : -1.380
TNS   : -5.380

Type  : Fast Model Setup 'Clock'
Slack : 0.086
TNS   : 0.000

Type  : Fast Model Setup 'X'
Slack : 0.353
TNS   : 0.000

Type  : Fast Model Hold 'Clock'
Slack : 0.215
TNS   : 0.000

Type  : Fast Model Hold 'X'
Slack : 0.215
TNS   : 0.000

Type  : Fast Model Recovery 'X'
Slack : 0.228
TNS   : 0.000

Type  : Fast Model Removal 'X'
Slack : 0.600
TNS   : 0.000

Type  : Fast Model Minimum Pulse Width 'Clock'
Slack : -1.380
TNS   : -10.380

Type  : Fast Model Minimum Pulse Width 'X'
Slack : -1.380
TNS   : -5.380

------------------------------------------------------------
